Component: ARM Compiler 5.06 update 5 (build 528) Tool: armlink [4d35e2]

==============================================================================

Section Cross References

    clock_config.o(i.BOARD_BootClockRUN) refers to fsl_clock.o(i.CLOCK_InitOsc0) for CLOCK_InitOsc0
    clock_config.o(i.BOARD_BootClockRUN) refers to fsl_clock.o(i.CLOCK_SetFbeMode) for CLOCK_SetFbeMode
    clock_config.o(i.BOARD_BootClockRUN) refers to fsl_clock.o(i.CLOCK_SetSimConfig) for CLOCK_SetSimConfig
    clock_config.o(i.BOARD_BootClockRUN) refers to clock_config.o(.constdata) for oscConfig_BOARD_BootClockRUN
    clock_config.o(i.BOARD_BootClockRUN) refers to fsl_clock.o(.data) for g_xtal0Freq
    clock_config.o(i.BOARD_BootClockRUN) refers to system_mke02z4.o(.data) for SystemCoreClock
    fsl_adc.o(i.ADC_Deinit) refers to fsl_adc.o(i.ADC_GetInstance) for ADC_GetInstance
    fsl_adc.o(i.ADC_Deinit) refers to fsl_adc.o(.constdata) for s_adcClocks
    fsl_adc.o(i.ADC_GetInstance) refers to assert.o(.text) for __aeabi_assert
    fsl_adc.o(i.ADC_GetInstance) refers to fsl_adc.o(.constdata) for s_adcBases
    fsl_adc.o(i.ADC_Init) refers to assert.o(.text) for __aeabi_assert
    fsl_adc.o(i.ADC_Init) refers to fsl_adc.o(i.ADC_GetInstance) for ADC_GetInstance
    fsl_adc.o(i.ADC_Init) refers to fsl_adc.o(.constdata) for s_adcClocks
    fsl_adc.o(i.ADC_SetChannelConfig) refers to assert.o(.text) for __aeabi_assert
    fsl_adc.o(i.ADC_SetFifoConfig) refers to assert.o(.text) for __aeabi_assert
    fsl_adc.o(i.ADC_SetHardwareCompare) refers to assert.o(.text) for __aeabi_assert
    fsl_clock.o(i.CLOCK_BootToFeeMode) refers to fsl_clock.o(i.CLOCK_SetFeeMode) for CLOCK_SetFeeMode
    fsl_clock.o(i.CLOCK_BootToFeiMode) refers to fsl_clock.o(i.CLOCK_SetFeiMode) for CLOCK_SetFeiMode
    fsl_clock.o(i.CLOCK_GetBusClkFreq) refers to fsl_clock.o(i.CLOCK_GetFlashClkFreq) for CLOCK_GetFlashClkFreq
    fsl_clock.o(i.CLOCK_GetCoreSysClkFreq) refers to fsl_clock.o(i.CLOCK_GetICSOutClkFreq) for CLOCK_GetICSOutClkFreq
    fsl_clock.o(i.CLOCK_GetFlashClkFreq) refers to fsl_clock.o(i.CLOCK_GetICSOutClkFreq) for CLOCK_GetICSOutClkFreq
    fsl_clock.o(i.CLOCK_GetFlashClkFreq) refers to aeabi_sdiv.o(.text) for __aeabi_uidivmod
    fsl_clock.o(i.CLOCK_GetFllExtRefClkFreq) refers to fsl_clock.o(i.CLOCK_GetICSExtClkFreq) for CLOCK_GetICSExtClkFreq
    fsl_clock.o(i.CLOCK_GetFllExtRefClkFreq) refers to fsl_clock.o(i.__ARM_common_switch8) for __ARM_common_switch8
    fsl_clock.o(i.CLOCK_GetFllFreq) refers to fsl_clock.o(i.CLOCK_GetFllRefClkFreq) for CLOCK_GetFllRefClkFreq
    fsl_clock.o(i.CLOCK_GetFllRefClkFreq) refers to fsl_clock.o(i.CLOCK_GetFllExtRefClkFreq) for CLOCK_GetFllExtRefClkFreq
    fsl_clock.o(i.CLOCK_GetFllRefClkFreq) refers to fsl_clock.o(.data) for s_slowIrcFreq
    fsl_clock.o(i.CLOCK_GetFreq) refers to fsl_clock.o(i.__ARM_common_switch8) for __ARM_common_switch8
    fsl_clock.o(i.CLOCK_GetFreq) refers to fsl_clock.o(i.CLOCK_GetCoreSysClkFreq) for CLOCK_GetCoreSysClkFreq
    fsl_clock.o(i.CLOCK_GetFreq) refers to fsl_clock.o(i.CLOCK_GetFlashClkFreq) for CLOCK_GetFlashClkFreq
    fsl_clock.o(i.CLOCK_GetFreq) refers to fsl_clock.o(i.CLOCK_GetOsc0ErClkFreq) for CLOCK_GetOsc0ErClkFreq
    fsl_clock.o(i.CLOCK_GetFreq) refers to fsl_clock.o(i.CLOCK_GetInternalRefClkFreq) for CLOCK_GetInternalRefClkFreq
    fsl_clock.o(i.CLOCK_GetFreq) refers to fsl_clock.o(i.CLOCK_GetICSFixedFreqClkFreq) for CLOCK_GetICSFixedFreqClkFreq
    fsl_clock.o(i.CLOCK_GetFreq) refers to fsl_clock.o(i.CLOCK_GetFllFreq) for CLOCK_GetFllFreq
    fsl_clock.o(i.CLOCK_GetFreq) refers to fsl_clock.o(i.CLOCK_GetICSOutClkFreq) for CLOCK_GetICSOutClkFreq
    fsl_clock.o(i.CLOCK_GetICSExtClkFreq) refers to assert.o(.text) for __aeabi_assert
    fsl_clock.o(i.CLOCK_GetICSExtClkFreq) refers to fsl_clock.o(.data) for g_xtal0Freq
    fsl_clock.o(i.CLOCK_GetICSFixedFreqClkFreq) refers to fsl_clock.o(i.CLOCK_GetFllRefClkFreq) for CLOCK_GetFllRefClkFreq
    fsl_clock.o(i.CLOCK_GetICSFixedFreqClkFreq) refers to fsl_clock.o(i.CLOCK_GetICSOutClkFreq) for CLOCK_GetICSOutClkFreq
    fsl_clock.o(i.CLOCK_GetICSOutClkFreq) refers to fsl_clock.o(i.CLOCK_GetFllFreq) for CLOCK_GetFllFreq
    fsl_clock.o(i.CLOCK_GetICSOutClkFreq) refers to fsl_clock.o(i.CLOCK_GetICSExtClkFreq) for CLOCK_GetICSExtClkFreq
    fsl_clock.o(i.CLOCK_GetICSOutClkFreq) refers to aeabi_sdiv.o(.text) for __aeabi_uidivmod
    fsl_clock.o(i.CLOCK_GetICSOutClkFreq) refers to fsl_clock.o(.data) for s_slowIrcFreq
    fsl_clock.o(i.CLOCK_GetInternalRefClkFreq) refers to fsl_clock.o(.data) for s_slowIrcFreq
    fsl_clock.o(i.CLOCK_GetOsc0ErClkFreq) refers to assert.o(.text) for __aeabi_assert
    fsl_clock.o(i.CLOCK_GetOsc0ErClkFreq) refers to fsl_clock.o(.data) for g_xtal0Freq
    fsl_clock.o(i.CLOCK_InitOsc0) refers to fsl_clock.o(i.CLOCK_GetOscRangeFromFreq) for CLOCK_GetOscRangeFromFreq
    fsl_clock.o(i.CLOCK_SetIcsConfig) refers to fsl_clock.o(i.CLOCK_GetMode) for CLOCK_GetMode
    fsl_clock.o(i.CLOCK_SetIcsConfig) refers to fsl_clock.o(i.__ARM_common_switch8) for __ARM_common_switch8
    fsl_clock.o(i.CLOCK_SetIcsConfig) refers to fsl_clock.o(i.CLOCK_SetFeiMode) for CLOCK_SetFeiMode
    fsl_clock.o(i.CLOCK_SetIcsConfig) refers to fsl_clock.o(i.CLOCK_SetFeeMode) for CLOCK_SetFeeMode
    fsl_clock.o(i.CLOCK_SetIcsConfig) refers to fsl_clock.o(i.CLOCK_SetFbiMode) for CLOCK_SetFbiMode
    fsl_clock.o(i.CLOCK_SetIcsConfig) refers to fsl_clock.o(i.CLOCK_SetFbeMode) for CLOCK_SetFbeMode
    fsl_clock.o(i.CLOCK_SetIcsConfig) refers to fsl_clock.o(i.CLOCK_SetBilpMode) for CLOCK_SetBilpMode
    fsl_clock.o(i.CLOCK_SetIcsConfig) refers to fsl_clock.o(i.CLOCK_SetBelpMode) for CLOCK_SetBelpMode
    fsl_clock.o(i.CLOCK_SetIcsConfig) refers to fsl_clock.o(.constdata) for ICSModeMatrix
    fsl_gpio.o(i.FGPIO_PinInit) refers to assert.o(.text) for __aeabi_assert
    fsl_gpio.o(i.FGPIO_PinInit) refers to fsl_gpio.o(i.FGPIO_PinWrite) for FGPIO_PinWrite
    fsl_gpio.o(i.FGPIO_PinInit) refers to fsl_gpio.o(.constdata) for s_fgpioBases
    fsl_gpio.o(i.FGPIO_PinRead) refers to fsl_gpio.o(.constdata) for s_fgpioBases
    fsl_gpio.o(i.FGPIO_PinWrite) refers to fsl_gpio.o(.constdata) for s_fgpioBases
    fsl_gpio.o(i.FGPIO_PortClear) refers to fsl_gpio.o(.constdata) for s_fgpioBases
    fsl_gpio.o(i.FGPIO_PortSet) refers to fsl_gpio.o(.constdata) for s_fgpioBases
    fsl_gpio.o(i.FGPIO_PortToggle) refers to fsl_gpio.o(.constdata) for s_fgpioBases
    fsl_gpio.o(i.GPIO_PinInit) refers to assert.o(.text) for __aeabi_assert
    fsl_gpio.o(i.GPIO_PinInit) refers to fsl_gpio.o(i.GPIO_PinWrite) for GPIO_PinWrite
    fsl_gpio.o(i.GPIO_PinInit) refers to fsl_gpio.o(.constdata) for s_gpioBases
    fsl_gpio.o(i.GPIO_PinRead) refers to fsl_gpio.o(.constdata) for s_gpioBases
    fsl_gpio.o(i.GPIO_PinWrite) refers to fsl_gpio.o(.constdata) for s_gpioBases
    fsl_gpio.o(i.GPIO_PortClear) refers to fsl_gpio.o(.constdata) for s_gpioBases
    fsl_gpio.o(i.GPIO_PortSet) refers to fsl_gpio.o(.constdata) for s_gpioBases
    fsl_gpio.o(i.GPIO_PortToggle) refers to fsl_gpio.o(.constdata) for s_gpioBases
    startup_mke02z4.o(RESET) refers to startup_mke02z4.o(.text) for Reset_Handler
    startup_mke02z4.o(.text) refers to startup_mke02z4.o(FlashConfig) for FlashConfig
    startup_mke02z4.o(.text) refers to startup_mke02z4.o(RESET) for __Vectors
    startup_mke02z4.o(.text) refers to system_mke02z4.o(i.SystemInit) for SystemInit
    startup_mke02z4.o(.text) refers to __main.o(!!!main) for __main
    system_mke02z4.o(i.SystemCoreClockUpdate) refers to aeabi_sdiv.o(.text) for __aeabi_uidivmod
    system_mke02z4.o(i.SystemCoreClockUpdate) refers to system_mke02z4.o(.data) for SystemCoreClock
    assert.o(.text) refers to assert_puts.o(.text) for __assert_puts
    assert.o(.text) refers to aeabi_sdiv.o(.text) for __aeabi_idivmod
    assert.o(.text) refers to abort.o(.text) for abort
    __main.o(!!!main) refers to __rtentry.o(.ARM.Collect$$rtentry$$00000000) for __rt_entry
    __rtentry.o(.ARM.Collect$$rtentry$$00000000) refers (Special) to __rtentry2.o(.ARM.Collect$$rtentry$$0000000A) for __rt_entry_li
    __rtentry.o(.ARM.Collect$$rtentry$$00000000) refers (Special) to __rtentry2.o(.ARM.Collect$$rtentry$$0000000D) for __rt_entry_main
    __rtentry.o(.ARM.Collect$$rtentry$$00000000) refers (Special) to __rtentry2.o(.ARM.Collect$$rtentry$$0000000C) for __rt_entry_postli_1
    __rtentry.o(.ARM.Collect$$rtentry$$00000000) refers (Special) to __rtentry2.o(.ARM.Collect$$rtentry$$00000009) for __rt_entry_postsh_1
    __rtentry.o(.ARM.Collect$$rtentry$$00000000) refers (Special) to __rtentry2.o(.ARM.Collect$$rtentry$$00000002) for __rt_entry_presh_1
    __rtentry.o(.ARM.Collect$$rtentry$$00000000) refers (Special) to __rtentry7.o(.ARM.Collect$$rtentry$$00000007) for __rt_entry_sh
    aeabi_idiv0_sigfpe.o(.text) refers to rt_div0.o(.text) for __rt_div0
    abort.o(.text) refers to defsig_abrt_outer.o(.text) for __rt_SIGABRT
    abort.o(.text) refers (Weak) to libshutdown.o(.ARM.Collect$$libshutdown$$00000000) for __rt_lib_shutdown
    abort.o(.text) refers to sys_exit.o(.text) for _sys_exit
    assert_puts.o(.text) refers to sys_wrch.o(.text) for _ttywrch
    sys_wrch.o(.text) refers (Special) to use_no_semi.o(.text) for __I$use$semihosting
    sys_wrch.o(.text) refers (Special) to indicate_semi.o(.text) for __semihosting_library_function
    sys_exit.o(.text) refers (Special) to use_no_semi.o(.text) for __I$use$semihosting
    sys_exit.o(.text) refers (Special) to indicate_semi.o(.text) for __semihosting_library_function
    __rtentry2.o(.ARM.Collect$$rtentry$$00000008) refers to boardinit2.o(.text) for _platform_post_stackheap_init
    __rtentry2.o(.ARM.Collect$$rtentry$$0000000A) refers to libinit.o(.ARM.Collect$$libinit$$00000000) for __rt_lib_init
    __rtentry2.o(.ARM.Collect$$rtentry$$0000000B) refers to boardinit3.o(.text) for _platform_post_lib_init
    __rtentry2.o(.ARM.Collect$$rtentry$$0000000D) refers to first_code.o(i.main) for main
    __rtentry2.o(.ARM.Collect$$rtentry$$0000000D) refers to exit.o(.text) for exit
    __rtentry2.o(.ARM.exidx) refers to __rtentry2.o(.ARM.Collect$$rtentry$$00000001) for .ARM.Collect$$rtentry$$00000001
    __rtentry2.o(.ARM.exidx) refers to __rtentry2.o(.ARM.Collect$$rtentry$$00000008) for .ARM.Collect$$rtentry$$00000008
    __rtentry2.o(.ARM.exidx) refers to __rtentry2.o(.ARM.Collect$$rtentry$$0000000A) for .ARM.Collect$$rtentry$$0000000A
    __rtentry2.o(.ARM.exidx) refers to __rtentry2.o(.ARM.Collect$$rtentry$$0000000B) for .ARM.Collect$$rtentry$$0000000B
    __rtentry2.o(.ARM.exidx) refers to __rtentry2.o(.ARM.Collect$$rtentry$$0000000D) for .ARM.Collect$$rtentry$$0000000D
    __rtentry4.o(.ARM.Collect$$rtentry$$00000004) refers to sys_stackheap_outer.o(.text) for __user_setup_stackheap
    __rtentry4.o(.ARM.exidx) refers to __rtentry4.o(.ARM.Collect$$rtentry$$00000004) for .ARM.Collect$$rtentry$$00000004
    __rtentry7.o(.ARM.Collect$$rtentry$$00000007) refers to __rtentry7.o(.ARM.Collect$$rtentry$$00002718) for __lit__00000000
    __rtentry7.o(__vectab_stack_and_reset_2_area) refers to __main.o(!!!main) for __main
    __rtentry7.o(.ARM.exidx) refers to __rtentry7.o(.ARM.Collect$$rtentry$$00000007) for .ARM.Collect$$rtentry$$00000007
    __rtentry7.o(.ARM.exidx) refers to __rtentry7.o(.ARM.Collect$$rtentry$$00002718) for .ARM.Collect$$rtentry$$00002718
    rt_div0.o(.text) refers to defsig_fpe_outer.o(.text) for __rt_SIGFPE
    defsig_abrt_outer.o(.text) refers to defsig_abrt_inner.o(.text) for __rt_SIGABRT_inner
    defsig_abrt_outer.o(.text) refers to defsig_exit.o(.text) for __sig_exit
    defsig_abrt_formal.o(.text) refers to rt_raise.o(.text) for __rt_raise
    sys_stackheap_outer.o(.text) refers to libspace.o(.text) for __user_perproc_libspace
    sys_stackheap_outer.o(.text) refers to sys_stackheap.o(.text) for __user_initial_stackheap
    sys_stackheap_outer.o(__vectab_stack_and_reset_area) refers to tempstk.o(.text) for __temporary_stack_top
    sys_stackheap_outer.o(__vectab_stack_and_reset_area) refers to __main.o(!!!main) for __main
    rt_raise.o(.text) refers to __raise.o(.text) for __raise
    rt_raise.o(.text) refers to sys_exit.o(.text) for _sys_exit
    exit.o(.text) refers to rtexit.o(.ARM.Collect$$rtexit$$00000000) for __rt_exit
    defsig_exit.o(.text) refers to sys_exit.o(.text) for _sys_exit
    defsig_abrt_inner.o(.text) refers to defsig_general.o(.text) for __default_signal_display
    defsig_fpe_outer.o(.text) refers to defsig_fpe_inner.o(.text) for __rt_SIGFPE_inner
    defsig_fpe_outer.o(.text) refers to defsig_exit.o(.text) for __sig_exit
    defsig_fpe_formal.o(.text) refers to rt_raise.o(.text) for __rt_raise
    libinit.o(.ARM.Collect$$libinit$$00000000) refers (Special) to libinit2.o(.ARM.Collect$$libinit$$0000002E) for __rt_lib_init_alloca_1
    libinit.o(.ARM.Collect$$libinit$$00000000) refers (Special) to libinit2.o(.ARM.Collect$$libinit$$0000002C) for __rt_lib_init_argv_1
    libinit.o(.ARM.Collect$$libinit$$00000000) refers (Special) to libinit2.o(.ARM.Collect$$libinit$$0000001B) for __rt_lib_init_atexit_1
    libinit.o(.ARM.Collect$$libinit$$00000000) refers (Special) to libinit2.o(.ARM.Collect$$libinit$$00000021) for __rt_lib_init_clock_1
    libinit.o(.ARM.Collect$$libinit$$00000000) refers (Special) to libinit2.o(.ARM.Collect$$libinit$$00000032) for __rt_lib_init_cpp_1
    libinit.o(.ARM.Collect$$libinit$$00000000) refers (Special) to libinit2.o(.ARM.Collect$$libinit$$00000030) for __rt_lib_init_exceptions_1
    libinit.o(.ARM.Collect$$libinit$$00000000) refers (Special) to libinit2.o(.ARM.Collect$$libinit$$00000002) for __rt_lib_init_fp_1
    libinit.o(.ARM.Collect$$libinit$$00000000) refers (Special) to libinit2.o(.ARM.Collect$$libinit$$0000001F) for __rt_lib_init_fp_trap_1
    libinit.o(.ARM.Collect$$libinit$$00000000) refers (Special) to libinit2.o(.ARM.Collect$$libinit$$00000023) for __rt_lib_init_getenv_1
    libinit.o(.ARM.Collect$$libinit$$00000000) refers (Special) to libinit2.o(.ARM.Collect$$libinit$$0000000A) for __rt_lib_init_heap_1
    libinit.o(.ARM.Collect$$libinit$$00000000) refers (Special) to libinit2.o(.ARM.Collect$$libinit$$00000011) for __rt_lib_init_lc_collate_1
    libinit.o(.ARM.Collect$$libinit$$00000000) refers (Special) to libinit2.o(.ARM.Collect$$libinit$$00000013) for __rt_lib_init_lc_ctype_1
    libinit.o(.ARM.Collect$$libinit$$00000000) refers (Special) to libinit2.o(.ARM.Collect$$libinit$$00000015) for __rt_lib_init_lc_monetary_1
    libinit.o(.ARM.Collect$$libinit$$00000000) refers (Special) to libinit2.o(.ARM.Collect$$libinit$$00000017) for __rt_lib_init_lc_numeric_1
    libinit.o(.ARM.Collect$$libinit$$00000000) refers (Special) to libinit2.o(.ARM.Collect$$libinit$$00000019) for __rt_lib_init_lc_time_1
    libinit.o(.ARM.Collect$$libinit$$00000000) refers (Special) to libinit2.o(.ARM.Collect$$libinit$$00000004) for __rt_lib_init_preinit_1
    libinit.o(.ARM.Collect$$libinit$$00000000) refers (Special) to libinit2.o(.ARM.Collect$$libinit$$0000000E) for __rt_lib_init_rand_1
    libinit.o(.ARM.Collect$$libinit$$00000000) refers (Special) to libinit2.o(.ARM.Collect$$libinit$$00000033) for __rt_lib_init_return
    libinit.o(.ARM.Collect$$libinit$$00000000) refers (Special) to libinit2.o(.ARM.Collect$$libinit$$0000001D) for __rt_lib_init_signal_1
    libinit.o(.ARM.Collect$$libinit$$00000000) refers (Special) to libinit2.o(.ARM.Collect$$libinit$$00000025) for __rt_lib_init_stdio_1
    libinit.o(.ARM.Collect$$libinit$$00000000) refers (Special) to libinit2.o(.ARM.Collect$$libinit$$0000000C) for __rt_lib_init_user_alloc_1
    libspace.o(.text) refers to libspace.o(.bss) for __libspace_start
    sys_stackheap.o(.text) refers (Special) to indicate_semi.o(.text) for __semihosting_library_function
    sys_stackheap.o(.text) refers to use_no_semi.o(.text) for __I$use$semihosting
    rtexit.o(.ARM.Collect$$rtexit$$00000000) refers (Special) to rtexit2.o(.ARM.Collect$$rtexit$$00000004) for __rt_exit_exit
    rtexit.o(.ARM.Collect$$rtexit$$00000000) refers (Special) to rtexit2.o(.ARM.Collect$$rtexit$$00000003) for __rt_exit_ls
    rtexit.o(.ARM.Collect$$rtexit$$00000000) refers (Special) to rtexit2.o(.ARM.Collect$$rtexit$$00000002) for __rt_exit_prels_1
    rtexit.o(.ARM.exidx) refers (Special) to rtexit2.o(.ARM.Collect$$rtexit$$00000004) for __rt_exit_exit
    rtexit.o(.ARM.exidx) refers (Special) to rtexit2.o(.ARM.Collect$$rtexit$$00000003) for __rt_exit_ls
    rtexit.o(.ARM.exidx) refers (Special) to rtexit2.o(.ARM.Collect$$rtexit$$00000002) for __rt_exit_prels_1
    rtexit.o(.ARM.exidx) refers to rtexit.o(.ARM.Collect$$rtexit$$00000000) for .ARM.Collect$$rtexit$$00000000
    __raise.o(.text) refers to defsig.o(CL$$defsig) for __default_signal_handler
    defsig_general.o(.text) refers to sys_wrch.o(.text) for _ttywrch
    defsig_fpe_inner.o(.text) refers to defsig_general.o(.text) for __default_signal_display
    libinit2.o(.ARM.Collect$$libinit$$00000010) refers to libinit2.o(.ARM.Collect$$libinit$$0000000F) for .ARM.Collect$$libinit$$0000000F
    libinit2.o(.ARM.Collect$$libinit$$00000012) refers to libinit2.o(.ARM.Collect$$libinit$$0000000F) for .ARM.Collect$$libinit$$0000000F
    libinit2.o(.ARM.Collect$$libinit$$00000014) refers to libinit2.o(.ARM.Collect$$libinit$$0000000F) for .ARM.Collect$$libinit$$0000000F
    libinit2.o(.ARM.Collect$$libinit$$00000016) refers to libinit2.o(.ARM.Collect$$libinit$$0000000F) for .ARM.Collect$$libinit$$0000000F
    libinit2.o(.ARM.Collect$$libinit$$00000018) refers to libinit2.o(.ARM.Collect$$libinit$$0000000F) for .ARM.Collect$$libinit$$0000000F
    libinit2.o(.ARM.Collect$$libinit$$00000026) refers to argv_veneer.o(.text) for __ARM_argv_veneer
    libinit2.o(.ARM.Collect$$libinit$$00000027) refers to argv_veneer.o(.text) for __ARM_argv_veneer
    libinit5.o(.ARM.Collect$$libinit$$00000008) refers to libinit5.o(.ARM.Collect$$libinit$$00002719) for __lit__00000000
    libinit5.o(.ARM.Collect$$libinit$$0000002A) refers to libinit5.o(.ARM.Collect$$libinit$$0000273B) for __lit__00000002
    libinit5.o(.ARM.Collect$$libinit$$0000002A) refers to argv_veneer.o(.text) for __ARM_argv_veneer
    rtexit2.o(.ARM.Collect$$rtexit$$00000003) refers to libshutdown.o(.ARM.Collect$$libshutdown$$00000000) for __rt_lib_shutdown
    rtexit2.o(.ARM.Collect$$rtexit$$00000004) refers to sys_exit.o(.text) for _sys_exit
    rtexit2.o(.ARM.exidx) refers to rtexit2.o(.ARM.Collect$$rtexit$$00000001) for .ARM.Collect$$rtexit$$00000001
    rtexit2.o(.ARM.exidx) refers to rtexit2.o(.ARM.Collect$$rtexit$$00000003) for .ARM.Collect$$rtexit$$00000003
    rtexit2.o(.ARM.exidx) refers to rtexit2.o(.ARM.Collect$$rtexit$$00000004) for .ARM.Collect$$rtexit$$00000004
    defsig.o(CL$$defsig) refers to defsig_abrt_inner.o(.text) for __rt_SIGABRT_inner
    defsig.o(CL$$defsig) refers to defsig_fpe_inner.o(.text) for __rt_SIGFPE_inner
    defsig.o(CL$$defsig) refers to defsig_rtmem_inner.o(.text) for __rt_SIGRTMEM_inner
    defsig_rtred_inner.o(.text) refers to defsig_general.o(.text) for __default_signal_display
    defsig_rtmem_inner.o(.text) refers to defsig_general.o(.text) for __default_signal_display
    defsig_stak_inner.o(.text) refers to defsig_general.o(.text) for __default_signal_display
    defsig_pvfn_inner.o(.text) refers to defsig_general.o(.text) for __default_signal_display
    defsig_cppl_inner.o(.text) refers to defsig_general.o(.text) for __default_signal_display
    defsig_segv_inner.o(.text) refers to defsig_general.o(.text) for __default_signal_display
    defsig_other.o(.text) refers to defsig_general.o(.text) for __default_signal_display
    _get_argv_nomalloc.o(.text) refers (Special) to hrguard.o(.text) for __heap_region$guard
    _get_argv_nomalloc.o(.text) refers to defsig_rtmem_outer.o(.text) for __rt_SIGRTMEM
    _get_argv_nomalloc.o(.text) refers to sys_command.o(.text) for _sys_command_string
    libshutdown.o(.ARM.Collect$$libshutdown$$00000000) refers (Special) to libshutdown2.o(.ARM.Collect$$libshutdown$$00000002) for __rt_lib_shutdown_cpp_1
    libshutdown.o(.ARM.Collect$$libshutdown$$00000000) refers (Special) to libshutdown2.o(.ARM.Collect$$libshutdown$$00000007) for __rt_lib_shutdown_fp_trap_1
    libshutdown.o(.ARM.Collect$$libshutdown$$00000000) refers (Special) to libshutdown2.o(.ARM.Collect$$libshutdown$$0000000F) for __rt_lib_shutdown_heap_1
    libshutdown.o(.ARM.Collect$$libshutdown$$00000000) refers (Special) to libshutdown2.o(.ARM.Collect$$libshutdown$$00000010) for __rt_lib_shutdown_return
    libshutdown.o(.ARM.Collect$$libshutdown$$00000000) refers (Special) to libshutdown2.o(.ARM.Collect$$libshutdown$$0000000A) for __rt_lib_shutdown_signal_1
    libshutdown.o(.ARM.Collect$$libshutdown$$00000000) refers (Special) to libshutdown2.o(.ARM.Collect$$libshutdown$$00000004) for __rt_lib_shutdown_stdio_1
    libshutdown.o(.ARM.Collect$$libshutdown$$00000000) refers (Special) to libshutdown2.o(.ARM.Collect$$libshutdown$$0000000C) for __rt_lib_shutdown_user_alloc_1
    sys_command.o(.text) refers (Special) to use_no_semi.o(.text) for __I$use$semihosting
    sys_command.o(.text) refers (Special) to indicate_semi.o(.text) for __semihosting_library_function
    defsig_rtmem_outer.o(.text) refers to defsig_rtmem_inner.o(.text) for __rt_SIGRTMEM_inner
    defsig_rtmem_outer.o(.text) refers to defsig_exit.o(.text) for __sig_exit
    defsig_rtmem_formal.o(.text) refers to rt_raise.o(.text) for __rt_raise


==============================================================================

Removing Unused input sections from the image.

    Removing clock_config.o(.rev16_text), (4 bytes).
    Removing clock_config.o(.revsh_text), (4 bytes).
    Removing clock_config.o(i.BOARD_BootClockRUN), (80 bytes).
    Removing clock_config.o(i.BOARD_InitBootClocks), (2 bytes).
    Removing clock_config.o(.constdata), (20 bytes).
    Removing fsl_adc.o(.rev16_text), (4 bytes).
    Removing fsl_adc.o(.revsh_text), (4 bytes).
    Removing fsl_adc.o(i.ADC_Deinit), (52 bytes).
    Removing fsl_adc.o(i.ADC_GetChannelStatusFlags), (20 bytes).
    Removing fsl_adc.o(i.ADC_GetDefaultConfig), (16 bytes).
    Removing fsl_adc.o(i.ADC_GetInstance), (152 bytes).
    Removing fsl_adc.o(i.ADC_GetStatusFlags), (12 bytes).
    Removing fsl_adc.o(i.ADC_Init), (208 bytes).
    Removing fsl_adc.o(i.ADC_SetChannelConfig), (132 bytes).
    Removing fsl_adc.o(i.ADC_SetFifoConfig), (132 bytes).
    Removing fsl_adc.o(i.ADC_SetHardwareCompare), (128 bytes).
    Removing fsl_adc.o(.constdata), (8 bytes).
    Removing fsl_clock.o(.rev16_text), (4 bytes).
    Removing fsl_clock.o(.revsh_text), (4 bytes).
    Removing fsl_clock.o(i.CLOCK_BootToBelpMode), (92 bytes).
    Removing fsl_clock.o(i.CLOCK_BootToBilpMode), (64 bytes).
    Removing fsl_clock.o(i.CLOCK_BootToFeeMode), (16 bytes).
    Removing fsl_clock.o(i.CLOCK_BootToFeiMode), (12 bytes).
    Removing fsl_clock.o(i.CLOCK_DeinitOsc0), (12 bytes).
    Removing fsl_clock.o(i.CLOCK_GetBusClkFreq), (8 bytes).
    Removing fsl_clock.o(i.CLOCK_GetCoreSysClkFreq), (8 bytes).
    Removing fsl_clock.o(i.CLOCK_GetFlashClkFreq), (36 bytes).
    Removing fsl_clock.o(i.CLOCK_GetFllExtRefClkFreq), (100 bytes).
    Removing fsl_clock.o(i.CLOCK_GetFllFreq), (32 bytes).
    Removing fsl_clock.o(i.CLOCK_GetFllRefClkFreq), (36 bytes).
    Removing fsl_clock.o(i.CLOCK_GetFreq), (82 bytes).
    Removing fsl_clock.o(i.CLOCK_GetICSExtClkFreq), (108 bytes).
    Removing fsl_clock.o(i.CLOCK_GetICSFixedFreqClkFreq), (30 bytes).
    Removing fsl_clock.o(i.CLOCK_GetICSOutClkFreq), (88 bytes).
    Removing fsl_clock.o(i.CLOCK_GetInternalRefClkFreq), (28 bytes).
    Removing fsl_clock.o(i.CLOCK_GetMode), (92 bytes).
    Removing fsl_clock.o(i.CLOCK_GetOsc0ErClkFreq), (128 bytes).
    Removing fsl_clock.o(i.CLOCK_GetOscRangeFromFreq), (28 bytes).
    Removing fsl_clock.o(i.CLOCK_InitOsc0), (80 bytes).
    Removing fsl_clock.o(i.CLOCK_SetBelpMode), (36 bytes).
    Removing fsl_clock.o(i.CLOCK_SetBilpMode), (36 bytes).
    Removing fsl_clock.o(i.CLOCK_SetFbeMode), (132 bytes).
    Removing fsl_clock.o(i.CLOCK_SetFbiMode), (88 bytes).
    Removing fsl_clock.o(i.CLOCK_SetFeeMode), (140 bytes).
    Removing fsl_clock.o(i.CLOCK_SetFeiMode), (116 bytes).
    Removing fsl_clock.o(i.CLOCK_SetIcsConfig), (152 bytes).
    Removing fsl_clock.o(i.CLOCK_SetSimConfig), (32 bytes).
    Removing fsl_clock.o(.constdata), (36 bytes).
    Removing fsl_clock.o(.data), (8 bytes).
    Removing fsl_common.o(.rev16_text), (4 bytes).
    Removing fsl_common.o(.revsh_text), (4 bytes).
    Removing fsl_gpio.o(.rev16_text), (4 bytes).
    Removing fsl_gpio.o(.revsh_text), (4 bytes).
    Removing fsl_gpio.o(i.FGPIO_PinInit), (172 bytes).
    Removing fsl_gpio.o(i.FGPIO_PinRead), (36 bytes).
    Removing fsl_gpio.o(i.FGPIO_PinWrite), (48 bytes).
    Removing fsl_gpio.o(i.FGPIO_PortClear), (28 bytes).
    Removing fsl_gpio.o(i.FGPIO_PortSet), (28 bytes).
    Removing fsl_gpio.o(i.FGPIO_PortToggle), (28 bytes).
    Removing fsl_gpio.o(i.GPIO_PinInit), (172 bytes).
    Removing fsl_gpio.o(i.GPIO_PinRead), (36 bytes).
    Removing fsl_gpio.o(i.GPIO_PinWrite), (48 bytes).
    Removing fsl_gpio.o(i.GPIO_PortClear), (28 bytes).
    Removing fsl_gpio.o(i.GPIO_PortSet), (28 bytes).
    Removing fsl_gpio.o(i.GPIO_PortToggle), (28 bytes).
    Removing fsl_gpio.o(.constdata), (16 bytes).
    Removing fsl_port.o(.rev16_text), (4 bytes).
    Removing fsl_port.o(.revsh_text), (4 bytes).
    Removing fsl_port.o(i.PORT_SetPinPullUpEnable), (82 bytes).
    Removing fsl_port.o(i.PORT_SetPinSelect), (64 bytes).
    Removing system_mke02z4.o(.rev16_text), (4 bytes).
    Removing system_mke02z4.o(.revsh_text), (4 bytes).
    Removing system_mke02z4.o(i.SystemCoreClockUpdate), (152 bytes).
    Removing system_mke02z4.o(.data), (4 bytes).
    Removing fsl_clock.o(i.__ARM_common_switch8), (28 bytes).

75 unused section(s) (total 3900 bytes) removed from the image.

==============================================================================

Image Symbol Table

    Local Symbols

    Symbol Name                              Value     Ov Type        Size  Object(Section)

    RESET                                    0x00000000   Section      192  startup_mke02z4.o(RESET)
    ../clib/angel/boardlib.s                 0x00000000   Number         0  boardshut.o ABSOLUTE
    ../clib/angel/boardlib.s                 0x00000000   Number         0  boardinit3.o ABSOLUTE
    ../clib/angel/boardlib.s                 0x00000000   Number         0  boardinit2.o ABSOLUTE
    ../clib/angel/boardlib.s                 0x00000000   Number         0  boardinit1.o ABSOLUTE
    ../clib/angel/kernel.s                   0x00000000   Number         0  __rtentry4.o ABSOLUTE
    ../clib/angel/kernel.s                   0x00000000   Number         0  __rtentry.o ABSOLUTE
    ../clib/angel/kernel.s                   0x00000000   Number         0  rtexit2.o ABSOLUTE
    ../clib/angel/kernel.s                   0x00000000   Number         0  __rtentry2.o ABSOLUTE
    ../clib/angel/kernel.s                   0x00000000   Number         0  rtexit.o ABSOLUTE
    ../clib/angel/kernel.s                   0x00000000   Number         0  __rtentry7.o ABSOLUTE
    ../clib/angel/rt.s                       0x00000000   Number         0  rt_div0.o ABSOLUTE
    ../clib/angel/rt.s                       0x00000000   Number         0  aeabi_idiv0.o ABSOLUTE
    ../clib/angel/rt.s                       0x00000000   Number         0  rt_raise.o ABSOLUTE
    ../clib/angel/rt.s                       0x00000000   Number         0  aeabi_idiv0_sigfpe.o ABSOLUTE
    ../clib/angel/startup.s                  0x00000000   Number         0  __main.o ABSOLUTE
    ../clib/angel/sys.s                      0x00000000   Number         0  indicate_semi.o ABSOLUTE
    ../clib/angel/sys.s                      0x00000000   Number         0  sys_stackheap.o ABSOLUTE
    ../clib/angel/sys.s                      0x00000000   Number         0  use_no_semi.o ABSOLUTE
    ../clib/angel/sys.s                      0x00000000   Number         0  tempstk.o ABSOLUTE
    ../clib/angel/sys.s                      0x00000000   Number         0  sys_stackheap_outer.o ABSOLUTE
    ../clib/angel/sys.s                      0x00000000   Number         0  libspace.o ABSOLUTE
    ../clib/angel/sysapp.c                   0x00000000   Number         0  sys_command.o ABSOLUTE
    ../clib/angel/sysapp.c                   0x00000000   Number         0  sys_exit.o ABSOLUTE
    ../clib/angel/sysapp.c                   0x00000000   Number         0  sys_wrch.o ABSOLUTE
    ../clib/armsys.c                         0x00000000   Number         0  argv_veneer.o ABSOLUTE
    ../clib/armsys.c                         0x00000000   Number         0  no_argv.o ABSOLUTE
    ../clib/armsys.c                         0x00000000   Number         0  _get_argv_nomalloc.o ABSOLUTE
    ../clib/assert.c                         0x00000000   Number         0  assert.o ABSOLUTE
    ../clib/assert.c                         0x00000000   Number         0  assert_puts.o ABSOLUTE
    ../clib/division.s                       0x00000000   Number         0  aeabi_sdiv.o ABSOLUTE
    ../clib/division.s                       0x00000000   Number         0  aeabi_sdiv_div0.o ABSOLUTE
    ../clib/heapalloc.c                      0x00000000   Number         0  hrguard.o ABSOLUTE
    ../clib/libinit.s                        0x00000000   Number         0  libshutdown2.o ABSOLUTE
    ../clib/libinit.s                        0x00000000   Number         0  libinit2.o ABSOLUTE
    ../clib/libinit.s                        0x00000000   Number         0  libinit.o ABSOLUTE
    ../clib/libinit.s                        0x00000000   Number         0  libshutdown.o ABSOLUTE
    ../clib/libinit.s                        0x00000000   Number         0  libinit5.o ABSOLUTE
    ../clib/signal.c                         0x00000000   Number         0  defsig_stak_inner.o ABSOLUTE
    ../clib/signal.c                         0x00000000   Number         0  defsig_segv_inner.o ABSOLUTE
    ../clib/signal.c                         0x00000000   Number         0  defsig_fpe_inner.o ABSOLUTE
    ../clib/signal.c                         0x00000000   Number         0  defsig_exit.o ABSOLUTE
    ../clib/signal.c                         0x00000000   Number         0  defsig_abrt_inner.o ABSOLUTE
    ../clib/signal.c                         0x00000000   Number         0  defsig_fpe_outer.o ABSOLUTE
    ../clib/signal.c                         0x00000000   Number         0  __raise.o ABSOLUTE
    ../clib/signal.c                         0x00000000   Number         0  defsig_fpe_formal.o ABSOLUTE
    ../clib/signal.c                         0x00000000   Number         0  defsig_pvfn_inner.o ABSOLUTE
    ../clib/signal.c                         0x00000000   Number         0  defsig_rtred_inner.o ABSOLUTE
    ../clib/signal.c                         0x00000000   Number         0  defsig_cppl_inner.o ABSOLUTE
    ../clib/signal.c                         0x00000000   Number         0  defsig_abrt_formal.o ABSOLUTE
    ../clib/signal.c                         0x00000000   Number         0  defsig_other.o ABSOLUTE
    ../clib/signal.c                         0x00000000   Number         0  defsig_rtmem_inner.o ABSOLUTE
    ../clib/signal.c                         0x00000000   Number         0  defsig_abrt_outer.o ABSOLUTE
    ../clib/signal.c                         0x00000000   Number         0  defsig_general.o ABSOLUTE
    ../clib/signal.c                         0x00000000   Number         0  defsig_rtmem_outer.o ABSOLUTE
    ../clib/signal.c                         0x00000000   Number         0  defsig_rtmem_formal.o ABSOLUTE
    ../clib/signal.s                         0x00000000   Number         0  defsig.o ABSOLUTE
    ../clib/stdlib.c                         0x00000000   Number         0  abort.o ABSOLUTE
    ../clib/stdlib.c                         0x00000000   Number         0  exit.o ABSOLUTE
    ../fplib/cfplib/fpinit.c                 0x00000000   Number         0  fpinit.o ABSOLUTE
    C:\Keil_v5\ARM\PACK\NXP\MKE02Z4_DFP\10.0.0\drivers\fsl_adc.c 0x00000000   Number         0  fsl_adc.o ABSOLUTE
    C:\Keil_v5\ARM\PACK\NXP\MKE02Z4_DFP\10.0.0\drivers\fsl_clock.c 0x00000000   Number         0  fsl_clock.o ABSOLUTE
    C:\Keil_v5\ARM\PACK\NXP\MKE02Z4_DFP\10.0.0\drivers\fsl_common.c 0x00000000   Number         0  fsl_common.o ABSOLUTE
    C:\Keil_v5\ARM\PACK\NXP\MKE02Z4_DFP\10.0.0\drivers\fsl_gpio.c 0x00000000   Number         0  fsl_gpio.o ABSOLUTE
    C:\Keil_v5\ARM\PACK\NXP\MKE02Z4_DFP\10.0.0\drivers\fsl_port.c 0x00000000   Number         0  fsl_port.o ABSOLUTE
    C:\\Keil_v5\\ARM\\PACK\\NXP\\MKE02Z4_DFP\\10.0.0\\drivers\\fsl_adc.c 0x00000000   Number         0  fsl_adc.o ABSOLUTE
    C:\\Keil_v5\\ARM\\PACK\\NXP\\MKE02Z4_DFP\\10.0.0\\drivers\\fsl_clock.c 0x00000000   Number         0  fsl_clock.o ABSOLUTE
    C:\\Keil_v5\\ARM\\PACK\\NXP\\MKE02Z4_DFP\\10.0.0\\drivers\\fsl_common.c 0x00000000   Number         0  fsl_common.o ABSOLUTE
    C:\\Keil_v5\\ARM\\PACK\\NXP\\MKE02Z4_DFP\\10.0.0\\drivers\\fsl_gpio.c 0x00000000   Number         0  fsl_gpio.o ABSOLUTE
    C:\\Keil_v5\\ARM\\PACK\\NXP\\MKE02Z4_DFP\\10.0.0\\drivers\\fsl_port.c 0x00000000   Number         0  fsl_port.o ABSOLUTE
    RTE\Device\MKE02Z64VQH4\startup_MKE02Z4.s 0x00000000   Number         0  startup_mke02z4.o ABSOLUTE
    RTE\Device\MKE02Z64VQH4\system_MKE02Z4.c 0x00000000   Number         0  system_mke02z4.o ABSOLUTE
    RTE\\Device\\MKE02Z64VQH4\\system_MKE02Z4.c 0x00000000   Number         0  system_mke02z4.o ABSOLUTE
    clock_config.c                           0x00000000   Number         0  clock_config.o ABSOLUTE
    clock_config.c                           0x00000000   Number         0  clock_config.o ABSOLUTE
    dc.s                                     0x00000000   Number         0  dc.o ABSOLUTE
    first_code.c                             0x00000000   Number         0  first_code.o ABSOLUTE
    FlashConfig                              0x00000400   Section       16  startup_mke02z4.o(FlashConfig)
    !!!main                                  0x00000410   Section        8  __main.o(!!!main)
    .ARM.Collect$$libinit$$00000000          0x00000418   Section        2  libinit.o(.ARM.Collect$$libinit$$00000000)
    .ARM.Collect$$libinit$$00000002          0x0000041a   Section        0  libinit2.o(.ARM.Collect$$libinit$$00000002)
    .ARM.Collect$$libinit$$00000004          0x0000041a   Section        0  libinit2.o(.ARM.Collect$$libinit$$00000004)
    .ARM.Collect$$libinit$$0000000A          0x0000041a   Section        0  libinit2.o(.ARM.Collect$$libinit$$0000000A)
    .ARM.Collect$$libinit$$0000000C          0x0000041a   Section        0  libinit2.o(.ARM.Collect$$libinit$$0000000C)
    .ARM.Collect$$libinit$$0000000E          0x0000041a   Section        0  libinit2.o(.ARM.Collect$$libinit$$0000000E)
    .ARM.Collect$$libinit$$00000011          0x0000041a   Section        0  libinit2.o(.ARM.Collect$$libinit$$00000011)
    .ARM.Collect$$libinit$$00000013          0x0000041a   Section        0  libinit2.o(.ARM.Collect$$libinit$$00000013)
    .ARM.Collect$$libinit$$00000015          0x0000041a   Section        0  libinit2.o(.ARM.Collect$$libinit$$00000015)
    .ARM.Collect$$libinit$$00000017          0x0000041a   Section        0  libinit2.o(.ARM.Collect$$libinit$$00000017)
    .ARM.Collect$$libinit$$00000019          0x0000041a   Section        0  libinit2.o(.ARM.Collect$$libinit$$00000019)
    .ARM.Collect$$libinit$$0000001B          0x0000041a   Section        0  libinit2.o(.ARM.Collect$$libinit$$0000001B)
    .ARM.Collect$$libinit$$0000001D          0x0000041a   Section        0  libinit2.o(.ARM.Collect$$libinit$$0000001D)
    .ARM.Collect$$libinit$$0000001F          0x0000041a   Section        0  libinit2.o(.ARM.Collect$$libinit$$0000001F)
    .ARM.Collect$$libinit$$00000021          0x0000041a   Section        0  libinit2.o(.ARM.Collect$$libinit$$00000021)
    .ARM.Collect$$libinit$$00000023          0x0000041a   Section        0  libinit2.o(.ARM.Collect$$libinit$$00000023)
    .ARM.Collect$$libinit$$00000025          0x0000041a   Section        0  libinit2.o(.ARM.Collect$$libinit$$00000025)
    .ARM.Collect$$libinit$$0000002C          0x0000041a   Section        0  libinit2.o(.ARM.Collect$$libinit$$0000002C)
    .ARM.Collect$$libinit$$0000002E          0x0000041a   Section        0  libinit2.o(.ARM.Collect$$libinit$$0000002E)
    .ARM.Collect$$libinit$$00000030          0x0000041a   Section        0  libinit2.o(.ARM.Collect$$libinit$$00000030)
    .ARM.Collect$$libinit$$00000032          0x0000041a   Section        0  libinit2.o(.ARM.Collect$$libinit$$00000032)
    .ARM.Collect$$libinit$$00000033          0x0000041a   Section        2  libinit2.o(.ARM.Collect$$libinit$$00000033)
    .ARM.Collect$$libshutdown$$00000000      0x0000041c   Section        2  libshutdown.o(.ARM.Collect$$libshutdown$$00000000)
    .ARM.Collect$$libshutdown$$00000002      0x0000041e   Section        0  libshutdown2.o(.ARM.Collect$$libshutdown$$00000002)
    .ARM.Collect$$libshutdown$$00000004      0x0000041e   Section        0  libshutdown2.o(.ARM.Collect$$libshutdown$$00000004)
    .ARM.Collect$$libshutdown$$00000007      0x0000041e   Section        0  libshutdown2.o(.ARM.Collect$$libshutdown$$00000007)
    .ARM.Collect$$libshutdown$$0000000A      0x0000041e   Section        0  libshutdown2.o(.ARM.Collect$$libshutdown$$0000000A)
    .ARM.Collect$$libshutdown$$0000000C      0x0000041e   Section        0  libshutdown2.o(.ARM.Collect$$libshutdown$$0000000C)
    .ARM.Collect$$libshutdown$$0000000F      0x0000041e   Section        0  libshutdown2.o(.ARM.Collect$$libshutdown$$0000000F)
    .ARM.Collect$$libshutdown$$00000010      0x0000041e   Section        2  libshutdown2.o(.ARM.Collect$$libshutdown$$00000010)
    .ARM.Collect$$rtentry$$00000000          0x00000420   Section        0  __rtentry.o(.ARM.Collect$$rtentry$$00000000)
    .ARM.Collect$$rtentry$$00000002          0x00000420   Section        0  __rtentry2.o(.ARM.Collect$$rtentry$$00000002)
    .ARM.Collect$$rtentry$$00000007          0x00000420   Section        4  __rtentry7.o(.ARM.Collect$$rtentry$$00000007)
    .ARM.Collect$$rtentry$$00000009          0x00000424   Section        0  __rtentry2.o(.ARM.Collect$$rtentry$$00000009)
    .ARM.Collect$$rtentry$$0000000A          0x00000424   Section        4  __rtentry2.o(.ARM.Collect$$rtentry$$0000000A)
    .ARM.Collect$$rtentry$$0000000C          0x00000428   Section        0  __rtentry2.o(.ARM.Collect$$rtentry$$0000000C)
    .ARM.Collect$$rtentry$$0000000D          0x00000428   Section        8  __rtentry2.o(.ARM.Collect$$rtentry$$0000000D)
    .ARM.Collect$$rtentry$$00002718          0x00000430   Section        4  __rtentry7.o(.ARM.Collect$$rtentry$$00002718)
    __lit__00000000                          0x00000430   Data           4  __rtentry7.o(.ARM.Collect$$rtentry$$00002718)
    .ARM.Collect$$rtexit$$00000000           0x00000434   Section        2  rtexit.o(.ARM.Collect$$rtexit$$00000000)
    .ARM.Collect$$rtexit$$00000002           0x00000436   Section        0  rtexit2.o(.ARM.Collect$$rtexit$$00000002)
    .ARM.Collect$$rtexit$$00000003           0x00000436   Section        4  rtexit2.o(.ARM.Collect$$rtexit$$00000003)
    .ARM.Collect$$rtexit$$00000004           0x0000043a   Section        6  rtexit2.o(.ARM.Collect$$rtexit$$00000004)
    .text                                    0x00000440   Section      116  startup_mke02z4.o(.text)
    .text                                    0x000004b4   Section        0  sys_exit.o(.text)
    .text                                    0x000004c0   Section        2  use_no_semi.o(.text)
    .text                                    0x000004c2   Section        0  exit.o(.text)
    .text                                    0x000004c2   Section        0  indicate_semi.o(.text)
    i.SystemInit                             0x000004d4   Section        0  system_mke02z4.o(i.SystemInit)
    i.main                                   0x00000508   Section        0  first_code.o(i.main)

    Global Symbols

    Symbol Name                              Value     Ov Type        Size  Object(Section)

    BuildAttributes$$THM_ISAv3M$S$PE$A:L22$X:L11$S22$IEEE1$IW$USESV6$~STKCKD$USESV7$~SHL$OSPACE$ROPI$EBA8$UX$STANDARDLIB$REQ8$PRES8$EABIv2 0x00000000   Number         0  anon$$obj.o ABSOLUTE
    __ARM_use_no_argv                        0x00000000   Number         0  first_code.o ABSOLUTE
    __Vectors                                0x00000000   Data           4  startup_mke02z4.o(RESET)
    Image$$ZI$$Limit                          - Undefined Weak Reference
    __ARM_exceptions_init                     - Undefined Weak Reference
    __alloca_initialize                       - Undefined Weak Reference
    __arm_preinit_                            - Undefined Weak Reference
    __cpp_initialize__aeabi_                  - Undefined Weak Reference
    __cxa_finalize                            - Undefined Weak Reference
    __rt_locale                               - Undefined Weak Reference
    __scatterload                             - Undefined Weak Reference
    __sigvec_lookup                           - Undefined Weak Reference
    _atexit_init                              - Undefined Weak Reference
    _call_atexit_fns                          - Undefined Weak Reference
    _clock_init                               - Undefined Weak Reference
    _fp_trap_init                             - Undefined Weak Reference
    _fp_trap_shutdown                         - Undefined Weak Reference
    _get_lc_collate                           - Undefined Weak Reference
    _get_lc_ctype                             - Undefined Weak Reference
    _get_lc_monetary                          - Undefined Weak Reference
    _get_lc_numeric                           - Undefined Weak Reference
    _get_lc_time                              - Undefined Weak Reference
    _getenv_init                              - Undefined Weak Reference
    _handle_redirection                       - Undefined Weak Reference
    _init_alloc                               - Undefined Weak Reference
    _init_user_alloc                          - Undefined Weak Reference
    _initio                                   - Undefined Weak Reference
    _rand_init                                - Undefined Weak Reference
    _signal_finish                            - Undefined Weak Reference
    _signal_init                              - Undefined Weak Reference
    _terminate_alloc                          - Undefined Weak Reference
    _terminate_user_alloc                     - Undefined Weak Reference
    _terminateio                              - Undefined Weak Reference
    __Vectors_End                            0x000000c0   Data           0  startup_mke02z4.o(RESET)
    __Vectors_Size                           0x000000c0   Number         0  startup_mke02z4.o ABSOLUTE
    __main                                   0x00000411   Thumb Code     8  __main.o(!!!main)
    __rt_lib_init                            0x00000419   Thumb Code     0  libinit.o(.ARM.Collect$$libinit$$00000000)
    __rt_lib_init_alloca_1                   0x0000041b   Thumb Code     0  libinit2.o(.ARM.Collect$$libinit$$0000002E)
    __rt_lib_init_argv_1                     0x0000041b   Thumb Code     0  libinit2.o(.ARM.Collect$$libinit$$0000002C)
    __rt_lib_init_atexit_1                   0x0000041b   Thumb Code     0  libinit2.o(.ARM.Collect$$libinit$$0000001B)
    __rt_lib_init_clock_1                    0x0000041b   Thumb Code     0  libinit2.o(.ARM.Collect$$libinit$$00000021)
    __rt_lib_init_cpp_1                      0x0000041b   Thumb Code     0  libinit2.o(.ARM.Collect$$libinit$$00000032)
    __rt_lib_init_exceptions_1               0x0000041b   Thumb Code     0  libinit2.o(.ARM.Collect$$libinit$$00000030)
    __rt_lib_init_fp_1                       0x0000041b   Thumb Code     0  libinit2.o(.ARM.Collect$$libinit$$00000002)
    __rt_lib_init_fp_trap_1                  0x0000041b   Thumb Code     0  libinit2.o(.ARM.Collect$$libinit$$0000001F)
    __rt_lib_init_getenv_1                   0x0000041b   Thumb Code     0  libinit2.o(.ARM.Collect$$libinit$$00000023)
    __rt_lib_init_heap_1                     0x0000041b   Thumb Code     0  libinit2.o(.ARM.Collect$$libinit$$0000000A)
    __rt_lib_init_lc_collate_1               0x0000041b   Thumb Code     0  libinit2.o(.ARM.Collect$$libinit$$00000011)
    __rt_lib_init_lc_ctype_1                 0x0000041b   Thumb Code     0  libinit2.o(.ARM.Collect$$libinit$$00000013)
    __rt_lib_init_lc_monetary_1              0x0000041b   Thumb Code     0  libinit2.o(.ARM.Collect$$libinit$$00000015)
    __rt_lib_init_lc_numeric_1               0x0000041b   Thumb Code     0  libinit2.o(.ARM.Collect$$libinit$$00000017)
    __rt_lib_init_lc_time_1                  0x0000041b   Thumb Code     0  libinit2.o(.ARM.Collect$$libinit$$00000019)
    __rt_lib_init_preinit_1                  0x0000041b   Thumb Code     0  libinit2.o(.ARM.Collect$$libinit$$00000004)
    __rt_lib_init_rand_1                     0x0000041b   Thumb Code     0  libinit2.o(.ARM.Collect$$libinit$$0000000E)
    __rt_lib_init_return                     0x0000041b   Thumb Code     0  libinit2.o(.ARM.Collect$$libinit$$00000033)
    __rt_lib_init_signal_1                   0x0000041b   Thumb Code     0  libinit2.o(.ARM.Collect$$libinit$$0000001D)
    __rt_lib_init_stdio_1                    0x0000041b   Thumb Code     0  libinit2.o(.ARM.Collect$$libinit$$00000025)
    __rt_lib_init_user_alloc_1               0x0000041b   Thumb Code     0  libinit2.o(.ARM.Collect$$libinit$$0000000C)
    __rt_lib_shutdown                        0x0000041d   Thumb Code     0  libshutdown.o(.ARM.Collect$$libshutdown$$00000000)
    __rt_lib_shutdown_cpp_1                  0x0000041f   Thumb Code     0  libshutdown2.o(.ARM.Collect$$libshutdown$$00000002)
    __rt_lib_shutdown_fp_trap_1              0x0000041f   Thumb Code     0  libshutdown2.o(.ARM.Collect$$libshutdown$$00000007)
    __rt_lib_shutdown_heap_1                 0x0000041f   Thumb Code     0  libshutdown2.o(.ARM.Collect$$libshutdown$$0000000F)
    __rt_lib_shutdown_return                 0x0000041f   Thumb Code     0  libshutdown2.o(.ARM.Collect$$libshutdown$$00000010)
    __rt_lib_shutdown_signal_1               0x0000041f   Thumb Code     0  libshutdown2.o(.ARM.Collect$$libshutdown$$0000000A)
    __rt_lib_shutdown_stdio_1                0x0000041f   Thumb Code     0  libshutdown2.o(.ARM.Collect$$libshutdown$$00000004)
    __rt_lib_shutdown_user_alloc_1           0x0000041f   Thumb Code     0  libshutdown2.o(.ARM.Collect$$libshutdown$$0000000C)
    __rt_entry                               0x00000421   Thumb Code     0  __rtentry.o(.ARM.Collect$$rtentry$$00000000)
    __rt_entry_presh_1                       0x00000421   Thumb Code     0  __rtentry2.o(.ARM.Collect$$rtentry$$00000002)
    __rt_entry_sh                            0x00000421   Thumb Code     0  __rtentry7.o(.ARM.Collect$$rtentry$$00000007)
    __rt_entry_li                            0x00000425   Thumb Code     0  __rtentry2.o(.ARM.Collect$$rtentry$$0000000A)
    __rt_entry_postsh_1                      0x00000425   Thumb Code     0  __rtentry2.o(.ARM.Collect$$rtentry$$00000009)
    __rt_entry_main                          0x00000429   Thumb Code     0  __rtentry2.o(.ARM.Collect$$rtentry$$0000000D)
    __rt_entry_postli_1                      0x00000429   Thumb Code     0  __rtentry2.o(.ARM.Collect$$rtentry$$0000000C)
    __rt_exit                                0x00000435   Thumb Code     0  rtexit.o(.ARM.Collect$$rtexit$$00000000)
    __rt_exit_ls                             0x00000437   Thumb Code     0  rtexit2.o(.ARM.Collect$$rtexit$$00000003)
    __rt_exit_prels_1                        0x00000437   Thumb Code     0  rtexit2.o(.ARM.Collect$$rtexit$$00000002)
    __rt_exit_exit                           0x0000043b   Thumb Code     0  rtexit2.o(.ARM.Collect$$rtexit$$00000004)
    Reset_Handler                            0x00000441   Thumb Code    24  startup_mke02z4.o(.text)
    NMI_Handler                              0x00000459   Thumb Code     2  startup_mke02z4.o(.text)
    HardFault_Handler                        0x0000045b   Thumb Code     2  startup_mke02z4.o(.text)
    SVC_Handler                              0x0000045d   Thumb Code     2  startup_mke02z4.o(.text)
    PendSV_Handler                           0x0000045f   Thumb Code     2  startup_mke02z4.o(.text)
    SysTick_Handler                          0x00000461   Thumb Code     2  startup_mke02z4.o(.text)
    I2C0_IRQHandler                          0x00000463   Thumb Code     4  startup_mke02z4.o(.text)
    SPI0_IRQHandler                          0x00000467   Thumb Code     4  startup_mke02z4.o(.text)
    SPI1_IRQHandler                          0x0000046b   Thumb Code     4  startup_mke02z4.o(.text)
    UART0_IRQHandler                         0x0000046f   Thumb Code     4  startup_mke02z4.o(.text)
    UART1_IRQHandler                         0x00000473   Thumb Code     4  startup_mke02z4.o(.text)
    UART2_IRQHandler                         0x00000477   Thumb Code     4  startup_mke02z4.o(.text)
    RTC_IRQHandler                           0x0000047b   Thumb Code     4  startup_mke02z4.o(.text)
    ACMP0_IRQHandler                         0x0000047f   Thumb Code     0  startup_mke02z4.o(.text)
    ACMP1_IRQHandler                         0x0000047f   Thumb Code     0  startup_mke02z4.o(.text)
    ADC_IRQHandler                           0x0000047f   Thumb Code     0  startup_mke02z4.o(.text)
    DefaultISR                               0x0000047f   Thumb Code     0  startup_mke02z4.o(.text)
    FTM0_IRQHandler                          0x0000047f   Thumb Code     0  startup_mke02z4.o(.text)
    FTM1_IRQHandler                          0x0000047f   Thumb Code     0  startup_mke02z4.o(.text)
    FTM2_IRQHandler                          0x0000047f   Thumb Code     0  startup_mke02z4.o(.text)
    FTMRH_IRQHandler                         0x0000047f   Thumb Code     0  startup_mke02z4.o(.text)
    I2C0_DriverIRQHandler                    0x0000047f   Thumb Code     0  startup_mke02z4.o(.text)
    ICS_IRQHandler                           0x0000047f   Thumb Code     0  startup_mke02z4.o(.text)
    IRQ_IRQHandler                           0x0000047f   Thumb Code     0  startup_mke02z4.o(.text)
    KBI0_IRQHandler                          0x0000047f   Thumb Code     0  startup_mke02z4.o(.text)
    KBI1_IRQHandler                          0x0000047f   Thumb Code     0  startup_mke02z4.o(.text)
    PIT_CH0_IRQHandler                       0x0000047f   Thumb Code     0  startup_mke02z4.o(.text)
    PIT_CH1_IRQHandler                       0x0000047f   Thumb Code     0  startup_mke02z4.o(.text)
    PMC_IRQHandler                           0x0000047f   Thumb Code     0  startup_mke02z4.o(.text)
    RTC_DriverIRQHandler                     0x0000047f   Thumb Code     0  startup_mke02z4.o(.text)
    Reserved16_IRQHandler                    0x0000047f   Thumb Code     0  startup_mke02z4.o(.text)
    Reserved17_IRQHandler                    0x0000047f   Thumb Code     0  startup_mke02z4.o(.text)
    Reserved18_IRQHandler                    0x0000047f   Thumb Code     0  startup_mke02z4.o(.text)
    Reserved19_IRQHandler                    0x0000047f   Thumb Code     0  startup_mke02z4.o(.text)
    Reserved20_IRQHandler                    0x0000047f   Thumb Code     0  startup_mke02z4.o(.text)
    Reserved25_IRQHandler                    0x0000047f   Thumb Code     0  startup_mke02z4.o(.text)
    Reserved42_IRQHandler                    0x0000047f   Thumb Code     0  startup_mke02z4.o(.text)
    Reserved45_IRQHandler                    0x0000047f   Thumb Code     0  startup_mke02z4.o(.text)
    Reserved46_IRQHandler                    0x0000047f   Thumb Code     0  startup_mke02z4.o(.text)
    Reserved47_IRQHandler                    0x0000047f   Thumb Code     0  startup_mke02z4.o(.text)
    SPI0_DriverIRQHandler                    0x0000047f   Thumb Code     0  startup_mke02z4.o(.text)
    SPI1_DriverIRQHandler                    0x0000047f   Thumb Code     0  startup_mke02z4.o(.text)
    UART0_DriverIRQHandler                   0x0000047f   Thumb Code     0  startup_mke02z4.o(.text)
    UART1_DriverIRQHandler                   0x0000047f   Thumb Code     0  startup_mke02z4.o(.text)
    UART2_DriverIRQHandler                   0x0000047f   Thumb Code     0  startup_mke02z4.o(.text)
    WDOG_IRQHandler                          0x0000047f   Thumb Code     0  startup_mke02z4.o(.text)
    _sys_exit                                0x000004b5   Thumb Code     8  sys_exit.o(.text)
    __I$use$semihosting                      0x000004c1   Thumb Code     0  use_no_semi.o(.text)
    __use_no_semihosting_swi                 0x000004c1   Thumb Code     2  use_no_semi.o(.text)
    __semihosting_library_function           0x000004c3   Thumb Code     0  indicate_semi.o(.text)
    exit                                     0x000004c3   Thumb Code    16  exit.o(.text)
    SystemInit                               0x000004d5   Thumb Code    40  system_mke02z4.o(i.SystemInit)
    main                                     0x00000509   Thumb Code     4  first_code.o(i.main)
    Image$$ARM_LIB_HEAP$$ZI$$Base            0x1ffffc00   Number         0  anon$$obj.o ABSOLUTE
    Image$$ARM_LIB_HEAP$$ZI$$Limit           0x1ffffd00   Number         0  anon$$obj.o ABSOLUTE
    Image$$ARM_LIB_STACK$$ZI$$Limit          0x20000c00   Number         0  anon$$obj.o ABSOLUTE



==============================================================================

Memory Map of the image

  Image Entry point : 0x00000441

  Load Region LR_m_text (Base: 0x00000000, Size: 0x0000050c, Max: 0x00010000, ABSOLUTE)

    Execution Region VECTOR_ROM (Exec base: 0x00000000, Load base: 0x00000000, Size: 0x000000c0, Max: 0x00000200, ABSOLUTE)

    Exec Addr    Load Addr    Size         Type   Attr      Idx    E Section Name        Object

    0x00000000   0x00000000   0x000000c0   Data   RO          492    RESET               startup_mke02z4.o


    Execution Region ER_m_flash_config (Exec base: 0x00000400, Load base: 0x00000400, Size: 0x00000010, Max: 0x00000010, ABSOLUTE, FIXED)

    Exec Addr    Load Addr    Size         Type   Attr      Idx    E Section Name        Object

    0x00000400   0x00000400   0x00000010   Data   RO          493    FlashConfig         startup_mke02z4.o


    Execution Region ER_m_text (Exec base: 0x00000410, Load base: 0x00000410, Size: 0x000000fc, Max: 0x0000fbf0, ABSOLUTE)

    Exec Addr    Load Addr    Size         Type   Attr      Idx    E Section Name        Object

    0x00000410   0x00000410   0x00000008   Code   RO          550  * !!!main             c_p.l(__main.o)
    0x00000418   0x00000418   0x00000002   Code   RO          614    .ARM.Collect$$libinit$$00000000  c_p.l(libinit.o)
    0x0000041a   0x0000041a   0x00000000   Code   RO          630    .ARM.Collect$$libinit$$00000002  c_p.l(libinit2.o)
    0x0000041a   0x0000041a   0x00000000   Code   RO          632    .ARM.Collect$$libinit$$00000004  c_p.l(libinit2.o)
    0x0000041a   0x0000041a   0x00000000   Code   RO          635    .ARM.Collect$$libinit$$0000000A  c_p.l(libinit2.o)
    0x0000041a   0x0000041a   0x00000000   Code   RO          637    .ARM.Collect$$libinit$$0000000C  c_p.l(libinit2.o)
    0x0000041a   0x0000041a   0x00000000   Code   RO          639    .ARM.Collect$$libinit$$0000000E  c_p.l(libinit2.o)
    0x0000041a   0x0000041a   0x00000000   Code   RO          642    .ARM.Collect$$libinit$$00000011  c_p.l(libinit2.o)
    0x0000041a   0x0000041a   0x00000000   Code   RO          644    .ARM.Collect$$libinit$$00000013  c_p.l(libinit2.o)
    0x0000041a   0x0000041a   0x00000000   Code   RO          646    .ARM.Collect$$libinit$$00000015  c_p.l(libinit2.o)
    0x0000041a   0x0000041a   0x00000000   Code   RO          648    .ARM.Collect$$libinit$$00000017  c_p.l(libinit2.o)
    0x0000041a   0x0000041a   0x00000000   Code   RO          650    .ARM.Collect$$libinit$$00000019  c_p.l(libinit2.o)
    0x0000041a   0x0000041a   0x00000000   Code   RO          652    .ARM.Collect$$libinit$$0000001B  c_p.l(libinit2.o)
    0x0000041a   0x0000041a   0x00000000   Code   RO          654    .ARM.Collect$$libinit$$0000001D  c_p.l(libinit2.o)
    0x0000041a   0x0000041a   0x00000000   Code   RO          656    .ARM.Collect$$libinit$$0000001F  c_p.l(libinit2.o)
    0x0000041a   0x0000041a   0x00000000   Code   RO          658    .ARM.Collect$$libinit$$00000021  c_p.l(libinit2.o)
    0x0000041a   0x0000041a   0x00000000   Code   RO          660    .ARM.Collect$$libinit$$00000023  c_p.l(libinit2.o)
    0x0000041a   0x0000041a   0x00000000   Code   RO          662    .ARM.Collect$$libinit$$00000025  c_p.l(libinit2.o)
    0x0000041a   0x0000041a   0x00000000   Code   RO          666    .ARM.Collect$$libinit$$0000002C  c_p.l(libinit2.o)
    0x0000041a   0x0000041a   0x00000000   Code   RO          668    .ARM.Collect$$libinit$$0000002E  c_p.l(libinit2.o)
    0x0000041a   0x0000041a   0x00000000   Code   RO          670    .ARM.Collect$$libinit$$00000030  c_p.l(libinit2.o)
    0x0000041a   0x0000041a   0x00000000   Code   RO          672    .ARM.Collect$$libinit$$00000032  c_p.l(libinit2.o)
    0x0000041a   0x0000041a   0x00000002   Code   RO          673    .ARM.Collect$$libinit$$00000033  c_p.l(libinit2.o)
    0x0000041c   0x0000041c   0x00000002   Code   RO          711    .ARM.Collect$$libshutdown$$00000000  c_p.l(libshutdown.o)
    0x0000041e   0x0000041e   0x00000000   Code   RO          721    .ARM.Collect$$libshutdown$$00000002  c_p.l(libshutdown2.o)
    0x0000041e   0x0000041e   0x00000000   Code   RO          723    .ARM.Collect$$libshutdown$$00000004  c_p.l(libshutdown2.o)
    0x0000041e   0x0000041e   0x00000000   Code   RO          726    .ARM.Collect$$libshutdown$$00000007  c_p.l(libshutdown2.o)
    0x0000041e   0x0000041e   0x00000000   Code   RO          729    .ARM.Collect$$libshutdown$$0000000A  c_p.l(libshutdown2.o)
    0x0000041e   0x0000041e   0x00000000   Code   RO          731    .ARM.Collect$$libshutdown$$0000000C  c_p.l(libshutdown2.o)
    0x0000041e   0x0000041e   0x00000000   Code   RO          734    .ARM.Collect$$libshutdown$$0000000F  c_p.l(libshutdown2.o)
    0x0000041e   0x0000041e   0x00000002   Code   RO          735    .ARM.Collect$$libshutdown$$00000010  c_p.l(libshutdown2.o)
    0x00000420   0x00000420   0x00000000   Code   RO          552    .ARM.Collect$$rtentry$$00000000  c_p.l(__rtentry.o)
    0x00000420   0x00000420   0x00000000   Code   RO          566    .ARM.Collect$$rtentry$$00000002  c_p.l(__rtentry2.o)
    0x00000420   0x00000420   0x00000004   Code   RO          580    .ARM.Collect$$rtentry$$00000007  c_p.l(__rtentry7.o)
    0x00000424   0x00000424   0x00000000   Code   RO          568    .ARM.Collect$$rtentry$$00000009  c_p.l(__rtentry2.o)
    0x00000424   0x00000424   0x00000004   Code   RO          569    .ARM.Collect$$rtentry$$0000000A  c_p.l(__rtentry2.o)
    0x00000428   0x00000428   0x00000000   Code   RO          571    .ARM.Collect$$rtentry$$0000000C  c_p.l(__rtentry2.o)
    0x00000428   0x00000428   0x00000008   Code   RO          572    .ARM.Collect$$rtentry$$0000000D  c_p.l(__rtentry2.o)
    0x00000430   0x00000430   0x00000004   Code   RO          581    .ARM.Collect$$rtentry$$00002718  c_p.l(__rtentry7.o)
    0x00000434   0x00000434   0x00000002   Code   RO          621    .ARM.Collect$$rtexit$$00000000  c_p.l(rtexit.o)
    0x00000436   0x00000436   0x00000000   Code   RO          679    .ARM.Collect$$rtexit$$00000002  c_p.l(rtexit2.o)
    0x00000436   0x00000436   0x00000004   Code   RO          680    .ARM.Collect$$rtexit$$00000003  c_p.l(rtexit2.o)
    0x0000043a   0x0000043a   0x00000006   Code   RO          681    .ARM.Collect$$rtexit$$00000004  c_p.l(rtexit2.o)
    0x00000440   0x00000440   0x00000074   Code   RO          494  * .text               startup_mke02z4.o
    0x000004b4   0x000004b4   0x0000000c   Code   RO          563    .text               c_p.l(sys_exit.o)
    0x000004c0   0x000004c0   0x00000002   Code   RO          591    .text               c_p.l(use_no_semi.o)
    0x000004c2   0x000004c2   0x00000000   Code   RO          593    .text               c_p.l(indicate_semi.o)
    0x000004c2   0x000004c2   0x00000010   Code   RO          599    .text               c_p.l(exit.o)
    0x000004d2   0x000004d2   0x00000002   PAD
    0x000004d4   0x000004d4   0x00000034   Code   RO          501    i.SystemInit        system_mke02z4.o
    0x00000508   0x00000508   0x00000004   Code   RO            3    i.main              first_code.o
    0x0000050c   0x0000050c   0x00000000   Data   RO          736    Region$$Table       anon$$obj.o


    Execution Region RW_m_data (Exec base: 0x1ffffc00, Load base: 0x0000050c, Size: 0x00000000, Max: 0x00000e00, ABSOLUTE)

    **** No section assigned to this execution region ****


    Execution Region ARM_LIB_HEAP (Exec base: 0x1ffffc00, Load base: 0x0000050c, Size: 0x00000100, Max: 0x00000100, ABSOLUTE)

    Exec Addr    Load Addr    Size         Type   Attr      Idx    E Section Name        Object

    0x1ffffc00        -       0x00000100   Zero   RW            1    ARM_LIB_HEAP.bss    anon$$obj.o


    Execution Region ARM_LIB_STACK (Exec base: 0x20000b00, Load base: 0x0000050c, Size: 0x00000100, Max: 0x00000100, ABSOLUTE)

    Exec Addr    Load Addr    Size         Type   Attr      Idx    E Section Name        Object

    0x20000b00        -       0x00000100   Zero   RW            2    ARM_LIB_STACK.bss   anon$$obj.o


==============================================================================

Image component sizes


      Code (inc. data)   RO Data    RW Data    ZI Data      Debug   Object Name

         0          0          0          0          0         32   clock_config.o
         4          0          0          0          0       1843   first_code.o
       116         50        208          0          0        960   startup_mke02z4.o
        52         12          0          0          0        461   system_mke02z4.o

    ----------------------------------------------------------------------
       172         62        208          0        512       3296   Object Totals
         0          0          0          0        512          0   (incl. Generated)
         0          0          0          0          0          0   (incl. Padding)

    ----------------------------------------------------------------------

      Code (inc. data)   RO Data    RW Data    ZI Data      Debug   Library Member Name

         8          0          0          0          0         68   __main.o
         0          0          0          0          0          0   __rtentry.o
        12          0          0          0          0          0   __rtentry2.o
         8          4          0          0          0          0   __rtentry7.o
        16          0          0          0          0         68   exit.o
         0          0          0          0          0          0   indicate_semi.o
         2          0          0          0          0          0   libinit.o
         2          0          0          0          0          0   libinit2.o
         2          0          0          0          0          0   libshutdown.o
         2          0          0          0          0          0   libshutdown2.o
         2          0          0          0          0          0   rtexit.o
        10          0          0          0          0          0   rtexit2.o
        12          4          0          0          0         60   sys_exit.o
         2          0          0          0          0         68   use_no_semi.o

    ----------------------------------------------------------------------
        80          8          0          0          0        264   Library Totals
         2          0          0          0          0          0   (incl. Padding)

    ----------------------------------------------------------------------

      Code (inc. data)   RO Data    RW Data    ZI Data      Debug   Library Name

        78          8          0          0          0        264   c_p.l

    ----------------------------------------------------------------------
        80          8          0          0          0        264   Library Totals

    ----------------------------------------------------------------------

==============================================================================


      Code (inc. data)   RO Data    RW Data    ZI Data      Debug   

       252         70        208          0        512       3412   Grand Totals
       252         70        208          0        512       3412   ELF Image Totals
       252         70        208          0          0          0   ROM Totals

==============================================================================

    Total RO  Size (Code + RO Data)                  460 (   0.45kB)
    Total RW  Size (RW Data + ZI Data)               512 (   0.50kB)
    Total ROM Size (Code + RO Data + RW Data)        460 (   0.45kB)

==============================================================================

